Archive member included to satisfy reference by file (symbol)

/usr/lib/arm-none-eabi/lib/libc.a(lib_a-memcpy-stub.o)
                              /home/pi/RaspberryPi-FreeRTOS/build/FreeRTOS/Source/queue.o (memcpy)
/usr/lib/arm-none-eabi/lib/libc.a(lib_a-memset.o)
                              /home/pi/RaspberryPi-FreeRTOS/build/FreeRTOS/Source/tasks.o (memset)
/usr/lib/arm-none-eabi/lib/libc.a(lib_a-strncpy.o)
                              /home/pi/RaspberryPi-FreeRTOS/build/FreeRTOS/Source/tasks.o (strncpy)

Memory Configuration

Name             Origin             Length             Attributes
RESERVED         0x00000000         0x00008000         r
INIT_RAM         0x00008000         0x00008000         xrw
RAM              0x00010000         0x08000000         xrw
*default*        0x00000000         0xffffffff

Linker script and memory map

LOAD /home/pi/RaspberryPi-FreeRTOS/build/FreeRTOS/Source/portable/GCC/RaspberryPi/port.o
LOAD /home/pi/RaspberryPi-FreeRTOS/build/FreeRTOS/Source/portable/GCC/RaspberryPi/portisr.o
LOAD /home/pi/RaspberryPi-FreeRTOS/build/FreeRTOS/Source/croutine.o
LOAD /home/pi/RaspberryPi-FreeRTOS/build/FreeRTOS/Source/list.o
LOAD /home/pi/RaspberryPi-FreeRTOS/build/FreeRTOS/Source/queue.o
LOAD /home/pi/RaspberryPi-FreeRTOS/build/FreeRTOS/Source/tasks.o
LOAD /home/pi/RaspberryPi-FreeRTOS/build/Demo/Drivers/irq.o
LOAD /home/pi/RaspberryPi-FreeRTOS/build/Demo/Drivers/gpio.o
LOAD /home/pi/RaspberryPi-FreeRTOS/build//FreeRTOS/Source/portable/MemMang/heap_4.o
LOAD /home/pi/RaspberryPi-FreeRTOS/build/Demo/startup.o
LOAD /home/pi/RaspberryPi-FreeRTOS/build/Demo/main.o

.init           0x00008000       0xa4
 *(.init)
 .init          0x00008000       0xa4 /home/pi/RaspberryPi-FreeRTOS/build/Demo/startup.o
                0x00008000                _start

.module_entries
                0x000080a4        0x0
                0x000080a4                __module_entries_start = .
 *(.module_entries)
 *(.module_entries.*)
                0x000080a4                __module_entries_end = .
                0x000080a4                __module_entries_size = SIZEOF (.module_entries)

.text           0x00010000     0x4734
 *(.text)
 .text          0x00010000      0x344 /home/pi/RaspberryPi-FreeRTOS/build/FreeRTOS/Source/portable/GCC/RaspberryPi/port.o
                0x00010000                pxPortInitialiseStack
                0x00010240                xPortStartScheduler
                0x0001025c                vPortEndScheduler
                0x00010274                vTickISR
 .text          0x00010344      0x2ac /home/pi/RaspberryPi-FreeRTOS/build/FreeRTOS/Source/portable/GCC/RaspberryPi/portisr.o
                0x00010344                vPortISRStartFirstTask
                0x000103dc                vPortYieldProcessor
                0x00010490                vFreeRTOS_ISR
                0x00010540                vPortEnterCritical
                0x00010584                vPortExitCritical
 .text          0x000105f0      0x764 /home/pi/RaspberryPi-FreeRTOS/build/FreeRTOS/Source/croutine.o
                0x000105f0                xCoRoutineCreate
                0x00010758                vCoRoutineAddToDelayedList
                0x00010af8                vCoRoutineSchedule
                0x00010cc8                xCoRoutineRemoveFromEventList
 .text          0x00010d54      0x29c /home/pi/RaspberryPi-FreeRTOS/build/FreeRTOS/Source/list.o
                0x00010d54                vListInitialise
                0x00010dbc                vListInitialiseItem
                0x00010de8                vListInsertEnd
                0x00010e80                vListInsert
                0x00010f58                vListRemove
 .text          0x00010ff0      0xbb0 /home/pi/RaspberryPi-FreeRTOS/build/FreeRTOS/Source/queue.o
                0x00010ff0                xQueueGenericReset
                0x00011104                xQueueGenericCreate
                0x000111cc                xQueueGenericSend
                0x00011370                xQueueGenericSendFromISR
                0x0001144c                xQueueGenericReceive
                0x00011650                xQueueReceiveFromISR
                0x00011730                uxQueueMessagesWaiting
                0x00011764                uxQueueMessagesWaitingFromISR
                0x00011794                vQueueDelete
                0x00011acc                xQueueIsQueueEmptyFromISR
                0x00011b58                xQueueIsQueueFullFromISR
 .text          0x00011ba0     0x1924 /home/pi/RaspberryPi-FreeRTOS/build/FreeRTOS/Source/tasks.o
                0x00011ba0                xTaskGenericCreate
                0x00011dec                vTaskDelete
                0x00011eec                vTaskDelayUntil
                0x00011ffc                vTaskDelay
                0x00012080                uxTaskPriorityGet
                0x000120d8                vTaskPrioritySet
                0x00012280                vTaskSuspend
                0x00012384                xTaskIsTaskSuspended
                0x00012400                vTaskResume
                0x000124f8                xTaskResumeFromISR
                0x00012614                vTaskStartScheduler
                0x000126b0                vTaskEndScheduler
                0x000126e8                vTaskSuspendAll
                0x00012718                xTaskResumeAll
                0x000128bc                xTaskGetTickCount
                0x000128f0                xTaskGetTickCountFromISR
                0x00012928                uxTaskGetNumberOfTasks
                0x0001294c                vTaskIncrementTick
                0x00012b68                vTaskSetApplicationTaskTag
                0x00012bc4                xTaskGetApplicationTaskTag
                0x00012c20                xTaskCallApplicationTaskHook
                0x00012c9c                vTaskSwitchContext
                0x00012da4                vTaskPlaceOnEventList
                0x00012e40                xTaskRemoveFromEventList
                0x00012f58                vTaskSetTimeOutState
                0x00012fa0                xTaskCheckForTimeOut
                0x00013094                vTaskMissedYield
 .text          0x000134c4      0x3a0 /home/pi/RaspberryPi-FreeRTOS/build/Demo/Drivers/irq.o
                0x00013574                irqHandler
                0x00013614                irqUnblock
                0x00013630                irqBlock
                0x0001364c                irqRegister
                0x000136b0                irqEnable
                0x00013784                irqDisable
 .text          0x00013864      0x5d8 /home/pi/RaspberryPi-FreeRTOS/build/Demo/Drivers/gpio.o
                0x00013864                SetGpioFunction
                0x00013940                SetGpioDirection
                0x00013974                SetGpio
                0x00013a2c                ReadGpio
                0x00013a7c                EnableGpioDetect
                0x00013c2c                DisableGpioDetect
                0x00013de4                ClearGpioInterrupt
 .text          0x00013e3c      0x4ac /home/pi/RaspberryPi-FreeRTOS/build//FreeRTOS/Source/portable/MemMang/heap_4.o
                0x00013e3c                pvPortMalloc
                0x00014004                vPortFree
                0x00014080                xPortGetFreeHeapSize
                0x000140a4                vPortInitialiseBlocks
 .text          0x000142e8       0x18 /home/pi/RaspberryPi-FreeRTOS/build/Demo/startup.o
 .text          0x00014300      0x118 /home/pi/RaspberryPi-FreeRTOS/build/Demo/main.o
                0x00014300                task1
                0x0001433c                task2
                0x00014380                main
 .text          0x00014418      0x11c /usr/lib/arm-none-eabi/lib/libc.a(lib_a-memcpy-stub.o)
                0x00014418                memcpy
 .text          0x00014534      0x118 /usr/lib/arm-none-eabi/lib/libc.a(lib_a-memset.o)
                0x00014534                memset
 .text          0x0001464c       0xe8 /usr/lib/arm-none-eabi/lib/libc.a(lib_a-strncpy.o)
                0x0001464c                strncpy

.rodata         0x00014734       0x2a
 .rodata        0x00014734        0x4 /home/pi/RaspberryPi-FreeRTOS/build/FreeRTOS/Source/portable/GCC/RaspberryPi/port.o
 .rodata        0x00014738        0x5 /home/pi/RaspberryPi-FreeRTOS/build/FreeRTOS/Source/tasks.o
 *fill*         0x0001473d        0x3 
 .rodata        0x00014740        0x4 /home/pi/RaspberryPi-FreeRTOS/build/Demo/Drivers/irq.o
 .rodata        0x00014744        0x4 /home/pi/RaspberryPi-FreeRTOS/build/Demo/Drivers/gpio.o
                0x00014744                pRegs
 .rodata        0x00014748        0x8 /home/pi/RaspberryPi-FreeRTOS/build//FreeRTOS/Source/portable/MemMang/heap_4.o
 .rodata        0x00014750        0xe /home/pi/RaspberryPi-FreeRTOS/build/Demo/main.o

.glue_7         0x00014760        0x0
 .glue_7        0x00014760        0x0 linker stubs

.glue_7t        0x00014760        0x0
 .glue_7t       0x00014760        0x0 linker stubs

.vfp11_veneer   0x00014760        0x0
 .vfp11_veneer  0x00014760        0x0 linker stubs

.v4_bx          0x00014760        0x0
 .v4_bx         0x00014760        0x0 linker stubs

.iplt           0x00014760        0x0
 .iplt          0x00014760        0x0 /home/pi/RaspberryPi-FreeRTOS/build/FreeRTOS/Source/portable/GCC/RaspberryPi/port.o

.rel.dyn        0x00014760        0x0
 .rel.iplt      0x00014760        0x0 /home/pi/RaspberryPi-FreeRTOS/build/FreeRTOS/Source/portable/GCC/RaspberryPi/port.o

.data           0x00014760        0xc
 *(.data)
 .data          0x00014760        0x0 /home/pi/RaspberryPi-FreeRTOS/build/FreeRTOS/Source/portable/GCC/RaspberryPi/port.o
 .data          0x00014760        0x4 /home/pi/RaspberryPi-FreeRTOS/build/FreeRTOS/Source/portable/GCC/RaspberryPi/portisr.o
                0x00014760                ulCriticalNesting
 .data          0x00014764        0x0 /home/pi/RaspberryPi-FreeRTOS/build/FreeRTOS/Source/croutine.o
 .data          0x00014764        0x0 /home/pi/RaspberryPi-FreeRTOS/build/FreeRTOS/Source/list.o
 .data          0x00014764        0x0 /home/pi/RaspberryPi-FreeRTOS/build/FreeRTOS/Source/queue.o
 .data          0x00014764        0x4 /home/pi/RaspberryPi-FreeRTOS/build/FreeRTOS/Source/tasks.o
 .data          0x00014768        0x0 /home/pi/RaspberryPi-FreeRTOS/build/Demo/Drivers/irq.o
 .data          0x00014768        0x0 /home/pi/RaspberryPi-FreeRTOS/build/Demo/Drivers/gpio.o
 .data          0x00014768        0x4 /home/pi/RaspberryPi-FreeRTOS/build//FreeRTOS/Source/portable/MemMang/heap_4.o
 .data          0x0001476c        0x0 /home/pi/RaspberryPi-FreeRTOS/build/Demo/startup.o
 .data          0x0001476c        0x0 /home/pi/RaspberryPi-FreeRTOS/build/Demo/main.o
 .data          0x0001476c        0x0 /usr/lib/arm-none-eabi/lib/libc.a(lib_a-memcpy-stub.o)
 .data          0x0001476c        0x0 /usr/lib/arm-none-eabi/lib/libc.a(lib_a-memset.o)
 .data          0x0001476c        0x0 /usr/lib/arm-none-eabi/lib/libc.a(lib_a-strncpy.o)

.igot.plt       0x0001476c        0x0
 .igot.plt      0x0001476c        0x0 /home/pi/RaspberryPi-FreeRTOS/build/FreeRTOS/Source/portable/GCC/RaspberryPi/port.o

.bss            0x00014770     0x13e0
                0x00014770                __bss_start = .
 *(.bss)
 .bss           0x00014770        0x0 /home/pi/RaspberryPi-FreeRTOS/build/FreeRTOS/Source/portable/GCC/RaspberryPi/port.o
 .bss           0x00014770        0x4 /home/pi/RaspberryPi-FreeRTOS/build/FreeRTOS/Source/portable/GCC/RaspberryPi/portisr.o
                0x00014770                g_bStarted
 .bss           0x00014774       0x80 /home/pi/RaspberryPi-FreeRTOS/build/FreeRTOS/Source/croutine.o
                0x000147e0                pxCurrentCoRoutine
 .bss           0x000147f4        0x0 /home/pi/RaspberryPi-FreeRTOS/build/FreeRTOS/Source/list.o
 .bss           0x000147f4        0x0 /home/pi/RaspberryPi-FreeRTOS/build/FreeRTOS/Source/queue.o
 .bss           0x000147f4      0x100 /home/pi/RaspberryPi-FreeRTOS/build/FreeRTOS/Source/tasks.o
                0x000147f4                pxCurrentTCB
 .bss           0x000148f4      0x24c /home/pi/RaspberryPi-FreeRTOS/build/Demo/Drivers/irq.o
 .bss           0x00014b40        0x0 /home/pi/RaspberryPi-FreeRTOS/build/Demo/Drivers/gpio.o
 .bss           0x00014b40     0x1010 /home/pi/RaspberryPi-FreeRTOS/build//FreeRTOS/Source/portable/MemMang/heap_4.o
                0x00015b4c                allocated
 .bss           0x00015b50        0x0 /home/pi/RaspberryPi-FreeRTOS/build/Demo/startup.o
 .bss           0x00015b50        0x0 /home/pi/RaspberryPi-FreeRTOS/build/Demo/main.o
 .bss           0x00015b50        0x0 /usr/lib/arm-none-eabi/lib/libc.a(lib_a-memcpy-stub.o)
 .bss           0x00015b50        0x0 /usr/lib/arm-none-eabi/lib/libc.a(lib_a-memset.o)
 .bss           0x00015b50        0x0 /usr/lib/arm-none-eabi/lib/libc.a(lib_a-strncpy.o)
 *(.bss.*)
                0x00015b50                __bss_end = .
                0x08010000                _estack = (ORIGIN (RAM) + LENGTH (RAM))
LOAD /usr/lib/gcc/arm-none-eabi/8.3.1/libgcc.a
LOAD /usr/lib/arm-none-eabi/lib/libc.a
OUTPUT(kernel.elf elf32-littlearm)
LOAD linker stubs

.debug_info     0x00000000     0x75c5
 .debug_info    0x00000000      0x216 /home/pi/RaspberryPi-FreeRTOS/build/FreeRTOS/Source/portable/GCC/RaspberryPi/port.o
 .debug_info    0x00000216      0x19c /home/pi/RaspberryPi-FreeRTOS/build/FreeRTOS/Source/portable/GCC/RaspberryPi/portisr.o
 .debug_info    0x000003b2      0x4af /home/pi/RaspberryPi-FreeRTOS/build/FreeRTOS/Source/croutine.o
 .debug_info    0x00000861      0xb3f /home/pi/RaspberryPi-FreeRTOS/build/FreeRTOS/Source/list.o
 .debug_info    0x000013a0     0x1022 /home/pi/RaspberryPi-FreeRTOS/build/FreeRTOS/Source/queue.o
 .debug_info    0x000023c2     0x1670 /home/pi/RaspberryPi-FreeRTOS/build/FreeRTOS/Source/tasks.o
 .debug_info    0x00003a32      0x2db /home/pi/RaspberryPi-FreeRTOS/build/Demo/Drivers/irq.o
 .debug_info    0x00003d0d      0x438 /home/pi/RaspberryPi-FreeRTOS/build/Demo/Drivers/gpio.o
 .debug_info    0x00004145      0xb7d /home/pi/RaspberryPi-FreeRTOS/build//FreeRTOS/Source/portable/MemMang/heap_4.o
 .debug_info    0x00004cc2       0xdb /home/pi/RaspberryPi-FreeRTOS/build/Demo/main.o
 .debug_info    0x00004d9d      0xf35 /usr/lib/arm-none-eabi/lib/libc.a(lib_a-memcpy-stub.o)
 .debug_info    0x00005cd2      0xf21 /usr/lib/arm-none-eabi/lib/libc.a(lib_a-memset.o)
 .debug_info    0x00006bf3      0x9d2 /usr/lib/arm-none-eabi/lib/libc.a(lib_a-strncpy.o)

.debug_abbrev   0x00000000     0x1800
 .debug_abbrev  0x00000000      0x133 /home/pi/RaspberryPi-FreeRTOS/build/FreeRTOS/Source/portable/GCC/RaspberryPi/port.o
 .debug_abbrev  0x00000133       0xe5 /home/pi/RaspberryPi-FreeRTOS/build/FreeRTOS/Source/portable/GCC/RaspberryPi/portisr.o
 .debug_abbrev  0x00000218      0x1a1 /home/pi/RaspberryPi-FreeRTOS/build/FreeRTOS/Source/croutine.o
 .debug_abbrev  0x000003b9      0x214 /home/pi/RaspberryPi-FreeRTOS/build/FreeRTOS/Source/list.o
 .debug_abbrev  0x000005cd      0x28d /home/pi/RaspberryPi-FreeRTOS/build/FreeRTOS/Source/queue.o
 .debug_abbrev  0x0000085a      0x321 /home/pi/RaspberryPi-FreeRTOS/build/FreeRTOS/Source/tasks.o
 .debug_abbrev  0x00000b7b      0x145 /home/pi/RaspberryPi-FreeRTOS/build/Demo/Drivers/irq.o
 .debug_abbrev  0x00000cc0      0x167 /home/pi/RaspberryPi-FreeRTOS/build/Demo/Drivers/gpio.o
 .debug_abbrev  0x00000e27      0x2e8 /home/pi/RaspberryPi-FreeRTOS/build//FreeRTOS/Source/portable/MemMang/heap_4.o
 .debug_abbrev  0x0000110f       0xa3 /home/pi/RaspberryPi-FreeRTOS/build/Demo/main.o
 .debug_abbrev  0x000011b2      0x223 /usr/lib/arm-none-eabi/lib/libc.a(lib_a-memcpy-stub.o)
 .debug_abbrev  0x000013d5      0x217 /usr/lib/arm-none-eabi/lib/libc.a(lib_a-memset.o)
 .debug_abbrev  0x000015ec      0x214 /usr/lib/arm-none-eabi/lib/libc.a(lib_a-strncpy.o)

.debug_aranges  0x00000000      0x1a0
 .debug_aranges
                0x00000000       0x20 /home/pi/RaspberryPi-FreeRTOS/build/FreeRTOS/Source/portable/GCC/RaspberryPi/port.o
 .debug_aranges
                0x00000020       0x20 /home/pi/RaspberryPi-FreeRTOS/build/FreeRTOS/Source/portable/GCC/RaspberryPi/portisr.o
 .debug_aranges
                0x00000040       0x20 /home/pi/RaspberryPi-FreeRTOS/build/FreeRTOS/Source/croutine.o
 .debug_aranges
                0x00000060       0x20 /home/pi/RaspberryPi-FreeRTOS/build/FreeRTOS/Source/list.o
 .debug_aranges
                0x00000080       0x20 /home/pi/RaspberryPi-FreeRTOS/build/FreeRTOS/Source/queue.o
 .debug_aranges
                0x000000a0       0x20 /home/pi/RaspberryPi-FreeRTOS/build/FreeRTOS/Source/tasks.o
 .debug_aranges
                0x000000c0       0x20 /home/pi/RaspberryPi-FreeRTOS/build/Demo/Drivers/irq.o
 .debug_aranges
                0x000000e0       0x20 /home/pi/RaspberryPi-FreeRTOS/build/Demo/Drivers/gpio.o
 .debug_aranges
                0x00000100       0x20 /home/pi/RaspberryPi-FreeRTOS/build//FreeRTOS/Source/portable/MemMang/heap_4.o
 .debug_aranges
                0x00000120       0x20 /home/pi/RaspberryPi-FreeRTOS/build/Demo/main.o
 .debug_aranges
                0x00000140       0x20 /usr/lib/arm-none-eabi/lib/libc.a(lib_a-memcpy-stub.o)
 .debug_aranges
                0x00000160       0x20 /usr/lib/arm-none-eabi/lib/libc.a(lib_a-memset.o)
 .debug_aranges
                0x00000180       0x20 /usr/lib/arm-none-eabi/lib/libc.a(lib_a-strncpy.o)

.debug_line     0x00000000     0x2275
 .debug_line    0x00000000      0x1b4 /home/pi/RaspberryPi-FreeRTOS/build/FreeRTOS/Source/portable/GCC/RaspberryPi/port.o
 .debug_line    0x000001b4       0xd7 /home/pi/RaspberryPi-FreeRTOS/build/FreeRTOS/Source/portable/GCC/RaspberryPi/portisr.o
 .debug_line    0x0000028b      0x2c0 /home/pi/RaspberryPi-FreeRTOS/build/FreeRTOS/Source/croutine.o
 .debug_line    0x0000054b      0x24f /home/pi/RaspberryPi-FreeRTOS/build/FreeRTOS/Source/list.o
 .debug_line    0x0000079a      0x55b /home/pi/RaspberryPi-FreeRTOS/build/FreeRTOS/Source/queue.o
 .debug_line    0x00000cf5      0x8b8 /home/pi/RaspberryPi-FreeRTOS/build/FreeRTOS/Source/tasks.o
 .debug_line    0x000015ad      0x16f /home/pi/RaspberryPi-FreeRTOS/build/Demo/Drivers/irq.o
 .debug_line    0x0000171c      0x171 /home/pi/RaspberryPi-FreeRTOS/build/Demo/Drivers/gpio.o
 .debug_line    0x0000188d      0x26f /home/pi/RaspberryPi-FreeRTOS/build//FreeRTOS/Source/portable/MemMang/heap_4.o
 .debug_line    0x00001afc       0xb2 /home/pi/RaspberryPi-FreeRTOS/build/Demo/main.o
 .debug_line    0x00001bae      0x263 /usr/lib/arm-none-eabi/lib/libc.a(lib_a-memcpy-stub.o)
 .debug_line    0x00001e11      0x279 /usr/lib/arm-none-eabi/lib/libc.a(lib_a-memset.o)
 .debug_line    0x0000208a      0x1eb /usr/lib/arm-none-eabi/lib/libc.a(lib_a-strncpy.o)

.debug_str      0x00000000     0x1e16
 .debug_str     0x00000000      0x1e0 /home/pi/RaspberryPi-FreeRTOS/build/FreeRTOS/Source/portable/GCC/RaspberryPi/port.o
                                0x227 (size before relaxing)
 .debug_str     0x000001e0       0xd9 /home/pi/RaspberryPi-FreeRTOS/build/FreeRTOS/Source/portable/GCC/RaspberryPi/portisr.o
                                0x1a7 (size before relaxing)
 .debug_str     0x000002b9      0x35c /home/pi/RaspberryPi-FreeRTOS/build/FreeRTOS/Source/croutine.o
                                0x464 (size before relaxing)
 .debug_str     0x00000615      0x4b9 /home/pi/RaspberryPi-FreeRTOS/build/FreeRTOS/Source/list.o
                                0x670 (size before relaxing)
 .debug_str     0x00000ace      0x33c /home/pi/RaspberryPi-FreeRTOS/build/FreeRTOS/Source/queue.o
                                0x90c (size before relaxing)
 .debug_str     0x00000e0a      0x632 /home/pi/RaspberryPi-FreeRTOS/build/FreeRTOS/Source/tasks.o
                                0xcee (size before relaxing)
 .debug_str     0x0000143c      0x150 /home/pi/RaspberryPi-FreeRTOS/build/Demo/Drivers/irq.o
                                0x20d (size before relaxing)
 .debug_str     0x0000158c      0x228 /home/pi/RaspberryPi-FreeRTOS/build/Demo/Drivers/gpio.o
                                0x2f3 (size before relaxing)
 .debug_str     0x000017b4      0x1bd /home/pi/RaspberryPi-FreeRTOS/build//FreeRTOS/Source/portable/MemMang/heap_4.o
                                0x6e0 (size before relaxing)
 .debug_str     0x00001971       0x3b /home/pi/RaspberryPi-FreeRTOS/build/Demo/main.o
                                0x13d (size before relaxing)
 .debug_str     0x000019ac      0x3a7 /usr/lib/arm-none-eabi/lib/libc.a(lib_a-memcpy-stub.o)
                                0x8cc (size before relaxing)
 .debug_str     0x00001d53       0x8f /usr/lib/arm-none-eabi/lib/libc.a(lib_a-memset.o)
                                0x8a7 (size before relaxing)
 .debug_str     0x00001de2       0x34 /usr/lib/arm-none-eabi/lib/libc.a(lib_a-strncpy.o)
                                0x5a8 (size before relaxing)

.comment        0x00000000       0x9f
 .comment       0x00000000       0x51 /home/pi/RaspberryPi-FreeRTOS/build/FreeRTOS/Source/portable/GCC/RaspberryPi/port.o
                                 0x52 (size before relaxing)
 .comment       0x00000051       0x52 /home/pi/RaspberryPi-FreeRTOS/build/FreeRTOS/Source/portable/GCC/RaspberryPi/portisr.o
 .comment       0x00000051       0x52 /home/pi/RaspberryPi-FreeRTOS/build/FreeRTOS/Source/croutine.o
 .comment       0x00000051       0x52 /home/pi/RaspberryPi-FreeRTOS/build/FreeRTOS/Source/list.o
 .comment       0x00000051       0x52 /home/pi/RaspberryPi-FreeRTOS/build/FreeRTOS/Source/queue.o
 .comment       0x00000051       0x52 /home/pi/RaspberryPi-FreeRTOS/build/FreeRTOS/Source/tasks.o
 .comment       0x00000051       0x52 /home/pi/RaspberryPi-FreeRTOS/build/Demo/Drivers/irq.o
 .comment       0x00000051       0x52 /home/pi/RaspberryPi-FreeRTOS/build/Demo/Drivers/gpio.o
 .comment       0x00000051       0x52 /home/pi/RaspberryPi-FreeRTOS/build//FreeRTOS/Source/portable/MemMang/heap_4.o
 .comment       0x00000051       0x52 /home/pi/RaspberryPi-FreeRTOS/build/Demo/main.o
 .comment       0x00000051       0x4e /usr/lib/arm-none-eabi/lib/libc.a(lib_a-memcpy-stub.o)
                                 0x4f (size before relaxing)
 .comment       0x0000009f       0x4f /usr/lib/arm-none-eabi/lib/libc.a(lib_a-memset.o)
 .comment       0x0000009f       0x4f /usr/lib/arm-none-eabi/lib/libc.a(lib_a-strncpy.o)

.ARM.attributes
                0x00000000       0x2c
 .ARM.attributes
                0x00000000       0x2e /home/pi/RaspberryPi-FreeRTOS/build/FreeRTOS/Source/portable/GCC/RaspberryPi/port.o
 .ARM.attributes
                0x0000002e       0x2e /home/pi/RaspberryPi-FreeRTOS/build/FreeRTOS/Source/portable/GCC/RaspberryPi/portisr.o
 .ARM.attributes
                0x0000005c       0x2e /home/pi/RaspberryPi-FreeRTOS/build/FreeRTOS/Source/croutine.o
 .ARM.attributes
                0x0000008a       0x2e /home/pi/RaspberryPi-FreeRTOS/build/FreeRTOS/Source/list.o
 .ARM.attributes
                0x000000b8       0x2e /home/pi/RaspberryPi-FreeRTOS/build/FreeRTOS/Source/queue.o
 .ARM.attributes
                0x000000e6       0x2e /home/pi/RaspberryPi-FreeRTOS/build/FreeRTOS/Source/tasks.o
 .ARM.attributes
                0x00000114       0x2e /home/pi/RaspberryPi-FreeRTOS/build/Demo/Drivers/irq.o
 .ARM.attributes
                0x00000142       0x2e /home/pi/RaspberryPi-FreeRTOS/build/Demo/Drivers/gpio.o
 .ARM.attributes
                0x00000170       0x2e /home/pi/RaspberryPi-FreeRTOS/build//FreeRTOS/Source/portable/MemMang/heap_4.o
 .ARM.attributes
                0x0000019e       0x12 /home/pi/RaspberryPi-FreeRTOS/build/Demo/startup.o
 .ARM.attributes
                0x000001b0       0x2e /home/pi/RaspberryPi-FreeRTOS/build/Demo/main.o
 .ARM.attributes
                0x000001de       0x2a /usr/lib/arm-none-eabi/lib/libc.a(lib_a-memcpy-stub.o)
 .ARM.attributes
                0x00000208       0x2a /usr/lib/arm-none-eabi/lib/libc.a(lib_a-memset.o)
 .ARM.attributes
                0x00000232       0x2a /usr/lib/arm-none-eabi/lib/libc.a(lib_a-strncpy.o)

.debug_frame    0x00000000      0xd14
 .debug_frame   0x00000000       0xac /home/pi/RaspberryPi-FreeRTOS/build/FreeRTOS/Source/portable/GCC/RaspberryPi/port.o
 .debug_frame   0x000000ac       0x90 /home/pi/RaspberryPi-FreeRTOS/build/FreeRTOS/Source/portable/GCC/RaspberryPi/portisr.o
 .debug_frame   0x0000013c       0xf0 /home/pi/RaspberryPi-FreeRTOS/build/FreeRTOS/Source/croutine.o
 .debug_frame   0x0000022c       0xb0 /home/pi/RaspberryPi-FreeRTOS/build/FreeRTOS/Source/list.o
 .debug_frame   0x000002dc      0x210 /home/pi/RaspberryPi-FreeRTOS/build/FreeRTOS/Source/queue.o
 .debug_frame   0x000004ec      0x450 /home/pi/RaspberryPi-FreeRTOS/build/FreeRTOS/Source/tasks.o
 .debug_frame   0x0000093c       0xf0 /home/pi/RaspberryPi-FreeRTOS/build/Demo/Drivers/irq.o
 .debug_frame   0x00000a2c       0xf0 /home/pi/RaspberryPi-FreeRTOS/build/Demo/Drivers/gpio.o
 .debug_frame   0x00000b1c       0xd0 /home/pi/RaspberryPi-FreeRTOS/build//FreeRTOS/Source/portable/MemMang/heap_4.o
 .debug_frame   0x00000bec       0x64 /home/pi/RaspberryPi-FreeRTOS/build/Demo/main.o
 .debug_frame   0x00000c50       0x3c /usr/lib/arm-none-eabi/lib/libc.a(lib_a-memcpy-stub.o)
 .debug_frame   0x00000c8c       0x48 /usr/lib/arm-none-eabi/lib/libc.a(lib_a-memset.o)
 .debug_frame   0x00000cd4       0x40 /usr/lib/arm-none-eabi/lib/libc.a(lib_a-strncpy.o)

.debug_loc      0x00000000      0x646
 .debug_loc     0x00000000      0x1eb /usr/lib/arm-none-eabi/lib/libc.a(lib_a-memcpy-stub.o)
 .debug_loc     0x000001eb      0x2a5 /usr/lib/arm-none-eabi/lib/libc.a(lib_a-memset.o)
 .debug_loc     0x00000490      0x1b6 /usr/lib/arm-none-eabi/lib/libc.a(lib_a-strncpy.o)
